============================= test session starts =============================
platform win32 -- Python 3.14.0, pytest-8.4.2, pluggy-1.6.0 -- D:\Haski-main\.venv\Scripts\python.exe
cachedir: .pytest_cache
rootdir: D:\Haski-main\backend
configfile: pyproject.toml
plugins: anyio-4.11.0, asyncio-1.2.0
asyncio: mode=Mode.STRICT, debug=False, asyncio_default_fixture_loop_scope=None, asyncio_default_test_loop_scope=function
collecting ... collected 11 items

backend\app\recommender\test_recommender_integration.py::TestRuleEngineWithSampleData::test_engine_returns_required_structure PASSED [  9%]
backend\app\recommender\test_recommender_integration.py::TestRuleEngineWithSampleData::test_applied_rules_returns_list PASSED [ 18%]
backend\app\recommender\test_recommender_integration.py::TestRuleEngineWithSampleData::test_recommendation_structure_details PASSED [ 27%]
backend\app\recommender\test_recommender_integration.py::TestProductIntegration::test_salicylic_product_in_db PASSED [ 36%]
backend\app\recommender\test_recommender_integration.py::TestProductIntegration::test_product_tags_for_acne PASSED [ 45%]
backend\app\recommender\test_recommender_integration.py::TestProductIntegration::test_product_matches_analysis_conditions PASSED [ 54%]
backend\app\recommender\test_recommender_integration.py::TestRecommendationRecordIntegration::test_create_recommendation_record PASSED [ 63%]
backend\app\recommender\test_recommender_integration.py::TestFeedbackIntegration::test_submit_feedback PASSED [ 72%]
backend\app\recommender\test_recommender_integration.py::TestFeedbackIntegration::test_aggregate_feedback_stats PASSED [ 81%]
backend\app\recommender\test_recommender_integration.py::TestFeedbackIntegration::test_feedback_request_schema PASSED [ 90%]
backend\app\recommender\test_recommender_integration.py::TestEndToEndRecommendation::test_analysis_to_recommendation_to_feedback PASSED [100%]

============================== warnings summary ===============================
backend\app\db\base.py:3
  D:\Haski-main\backend\app\db\base.py:3: MovedIn20Warning: The ``declarative_base()`` function is now available as sqlalchemy.orm.declarative_base(). (deprecated since: 2.0) (Background on SQLAlchemy 2.0 at: https://sqlalche.me/e/b8d9)
    Base = declarative_base()

backend\app\recommender\schemas.py:17
  D:\Haski-main\backend\app\recommender\schemas.py:17: PydanticDeprecatedSince20: Support for class-based `config` is deprecated, use ConfigDict instead. Deprecated in Pydantic V2.0 to be removed in V3.0. See Pydantic V2 Migration Guide at https://errors.pydantic.dev/2.12/migration/
    class RecommendationRequest(BaseModel):

backend\app\recommender\schemas.py:162
  D:\Haski-main\backend\app\recommender\schemas.py:162: PydanticDeprecatedSince20: Support for class-based `config` is deprecated, use ConfigDict instead. Deprecated in Pydantic V2.0 to be removed in V3.0. See Pydantic V2 Migration Guide at https://errors.pydantic.dev/2.12/migration/
    class FeedbackRequest(BaseModel):

backend\app\recommender\schemas.py:247
  D:\Haski-main\backend\app\recommender\schemas.py:247: PydanticDeprecatedSince20: Support for class-based `config` is deprecated, use ConfigDict instead. Deprecated in Pydantic V2.0 to be removed in V3.0. See Pydantic V2 Migration Guide at https://errors.pydantic.dev/2.12/migration/
    class ProductResponse(BaseModel):

app/recommender/test_recommender_integration.py::TestRuleEngineWithSampleData::test_engine_returns_required_structure
app/recommender/test_recommender_integration.py::TestRuleEngineWithSampleData::test_applied_rules_returns_list
app/recommender/test_recommender_integration.py::TestRuleEngineWithSampleData::test_recommendation_structure_details
app/recommender/test_recommender_integration.py::TestEndToEndRecommendation::test_analysis_to_recommendation_to_feedback
  D:\Haski-main\backend\app\recommender\engine.py:177: DeprecationWarning: datetime.datetime.utcnow() is deprecated and scheduled for removal in a future version. Use timezone-aware objects to represent datetimes in UTC: datetime.datetime.now(datetime.UTC).
    "generated_at": datetime.utcnow().isoformat()

app/recommender/test_recommender_integration.py::TestProductIntegration::test_salicylic_product_in_db
  D:\Haski-main\backend\app\recommender\test_recommender_integration.py:133: SAWarning: relationship 'RuleLog.product' will copy column products.id to column rule_logs.product_id, which conflicts with relationship(s): 'Product.rule_logs' (copies products.id to rule_logs.product_id). If this is not the intention, consider if these relationships should be linked with back_populates, or if viewonly=True should be applied to one or more if they are read-only. For the less common case that foreign key constraints are partially overlapping, the orm.foreign() annotation can be used to isolate the columns that should be written towards.   To silence this warning, add the parameter 'overlaps="rule_logs"' to the 'RuleLog.product' relationship. (Background on this warning at: https://sqlalche.me/e/20/qzyx) (This warning originated from the `configure_mappers()` process, which was invoked automatically in response to a user-initiated operation.)
    product = Product(

app/recommender/test_recommender_integration.py::TestProductIntegration::test_salicylic_product_in_db
  D:\Haski-main\backend\app\recommender\test_recommender_integration.py:133: SAWarning: relationship 'RecommendationFeedback.recommendation' will copy column recommendation_records.id to column recommendation_feedbacks.recommendation_id, which conflicts with relationship(s): 'RecommendationRecord.feedbacks' (copies recommendation_records.id to recommendation_feedbacks.recommendation_id). If this is not the intention, consider if these relationships should be linked with back_populates, or if viewonly=True should be applied to one or more if they are read-only. For the less common case that foreign key constraints are partially overlapping, the orm.foreign() annotation can be used to isolate the columns that should be written towards.   To silence this warning, add the parameter 'overlaps="feedbacks"' to the 'RecommendationFeedback.recommendation' relationship. (Background on this warning at: https://sqlalche.me/e/20/qzyx) (This warning originated from the `configure_mappers()` process, which was invoked automatically in response to a user-initiated operation.)
    product = Product(

app/recommender/test_recommender_integration.py: 40 warnings
  D:\Haski-main\.venv\Lib\site-packages\sqlalchemy\sql\schema.py:3624: DeprecationWarning: datetime.datetime.utcnow() is deprecated and scheduled for removal in a future version. Use timezone-aware objects to represent datetimes in UTC: datetime.datetime.now(datetime.UTC).
    return util.wrap_callable(lambda ctx: fn(), fn)  # type: ignore

app/recommender/test_recommender_integration.py::TestFeedbackIntegration::test_submit_feedback
  D:\Haski-main\backend\app\recommender\test_recommender_integration.py:380: DeprecationWarning: datetime.datetime.utcnow() is deprecated and scheduled for removal in a future version. Use timezone-aware objects to represent datetimes in UTC: datetime.datetime.now(datetime.UTC).
    created_at=datetime.utcnow()

app/recommender/test_recommender_integration.py::TestFeedbackIntegration::test_aggregate_feedback_stats
  D:\Haski-main\backend\app\recommender\test_recommender_integration.py:427: DeprecationWarning: datetime.datetime.utcnow() is deprecated and scheduled for removal in a future version. Use timezone-aware objects to represent datetimes in UTC: datetime.datetime.now(datetime.UTC).
    created_at=datetime.utcnow()

app/recommender/test_recommender_integration.py::TestFeedbackIntegration::test_aggregate_feedback_stats
  D:\Haski-main\backend\app\recommender\test_recommender_integration.py:437: DeprecationWarning: datetime.datetime.utcnow() is deprecated and scheduled for removal in a future version. Use timezone-aware objects to represent datetimes in UTC: datetime.datetime.now(datetime.UTC).
    created_at=datetime.utcnow()

app/recommender/test_recommender_integration.py::TestFeedbackIntegration::test_aggregate_feedback_stats
  D:\Haski-main\backend\app\recommender\test_recommender_integration.py:447: DeprecationWarning: datetime.datetime.utcnow() is deprecated and scheduled for removal in a future version. Use timezone-aware objects to represent datetimes in UTC: datetime.datetime.now(datetime.UTC).
    created_at=datetime.utcnow()

-- Docs: https://docs.pytest.org/en/stable/how-to/capture-warnings.html
======================= 11 passed, 54 warnings in 0.66s =======================
