python : 2025-10-25 16:06:16,428 - INFO - Loaded 9 rules from 
D:\Haski-main\backend\app\recommender\rules.yaml
At line:1 char:68
+ ... n\backend"; python comprehensive_test.py > test_output.txt 
2>&1; cat  ...
+                 
~~~~~~~~~~~~~~~~~~~~~~~~~~~~~~~~~~~~~~~~~~~~~~~~~~~
    + CategoryInfo          : NotSpecified: (2025-10-25 16:0...nd 
   er\rules.yaml:String) [], RemoteException
    + FullyQualifiedErrorId : NativeCommandError
 
2025-10-25 16:06:16,429 - INFO - Rule engine initialized 
successfully
Traceback (most recent call last):
  File "D:\Haski-main\backend\comprehensive_test.py", line 17, in 
<module>
    from app.main import app
  File "D:\Haski-main\backend\app\main.py", line 13, in <module>
    from .api.v1 import router as api_v1_router
  File "D:\Haski-main\backend\app\api\v1\__init__.py", line 29, 
in <module>
    from . import feedback  # noqa: E402,F401
    ^^^^^^^^^^^^^^^^^^^^^^
  File "D:\Haski-main\backend\app\api\v1\feedback.py", line 21, 
in <module>
    from backend.app.db.session import get_db
ModuleNotFoundError: No module named 'backend'
